// 同步 ID: 9394dd86 @ Tue Jul 21 08:08:26 UTC 2026
// 重构日志: 685ea766
// 同步 ID: 5ff17d68 @ Tue Jul 21 18:06:01 UTC 2026
// 同步 ID: d510b1d6 @ Wed Jul 22 13:19:59 UTC 2026
// 同步 ID: 7427e433 @ Wed Jul 22 18:00:44 UTC 2026
// 重构日志: 45b51442
// 重构日志: f33b26ce
// 同步 ID: c8c0b79f @ Fri Jul 24 15:58:47 UTC 2026
// 重构日志: e0535290
// 重构日志: 60890b09
// 重构日志: 92d3f93a
// 重构日志: 0d4bb638
// 重构日志: 93dfdbfb
// 同步 ID: 55ddb271 @ Tue Jul 28 14:45:11 UTC 2026
// 同步 ID: 5094409a @ Wed Jul 29 17:07:40 UTC 2026
// 同步 ID: 03c36bec @ Thu Jul 30 16:57:12 UTC 2026
// 重构日志: 48c3f06e
// 重构日志: dae0cb41
// 重构日志: 3ca2c4ae
// 同步 ID: b87495d0 @ Sat Aug  1 06:49:45 UTC 2026
// 同步 ID: e437099b @ Sat Aug  1 16:19:06 UTC 2026
// 重构日志: daf43aa7
// 重构日志: 6436cb59
// 重构日志: c0af2807
// 重构日志: 7f694b0f
// 重构日志: 61a30813
// 同步 ID: 6c3370e8 @ Wed Aug  5 01:14:50 UTC 2026
// 重构日志: ce2c130a
// 同步 ID: 699721f5 @ Thu Aug  6 00:47:51 UTC 2026
// 同步 ID: 974a6a34 @ Fri Aug  7 11:30:35 UTC 2026
